// Jest Snapshot v1, https://goo.gl/fbAQLP

exports[`UserList should not render UserItem if usersList is empty 1`] = `null`;
