// Jest Snapshot v1, https://goo.gl/fbAQLP

exports[`[object Object] 1`] = `
.c0 {
  position: relative;
}

.c1 {
  margin: 0 0 10px;
  font-size: 20px;
  font-weight: 700;
}

.c2 {
  margin-bottom: 10px;
}

.c2 p {
  margin: 0 0 5px;
}

.c2 strong {
  font-weight: 700;
  margin-right: 5px;
}

<div
  className="c0"
>
  <h1
    className="c1"
  >
    Leia Organa
  </h1>
  <div
    className="c2"
  >
    <p>
      <strong>
        birth year:
      </strong>
      19BBY
    </p>
    <p>
      <strong>
        gender:
      </strong>
      female
    </p>
  </div>
</div>
`;
