// Jest Snapshot v1, https://goo.gl/fbAQLP

exports[`TabListItem should render empty component, when no data 1`] = `null`;
